python.exe : Traceback (most recent call last):
At line:2 char:51
+ ... ion) 'src'; & D:/ai-exam-monitoring-final/outputs/E001-env/Scripts/py ...
+                 ~~~~~~~~~~~~~~~~~~~~~~~~~~~~~~~~~~~~~~~~~~~~~~~~~~~~~~~~~
    + CategoryInfo          : NotSpecified: (Traceback (most recent call last)::String) [], RemoteException
    + FullyQualifiedErrorId : NativeCommandError

  File "<frozen runpy>", line 198, in _run_module_as_main
  File "<frozen runpy>", line 88, in _run_code
  File "D:\ai-exam-monitoring-final\outputs\E003-code\src\ai_exam_monitoring\training\train.py", line 277, in <module>
    raise SystemExit(main())
                     ^^^^^^
  File "D:\ai-exam-monitoring-final\outputs\E003-code\src\ai_exam_monitoring\training\train.py", line 270, in main
    result = run(args.config, args.output, args.workspace, resume=args.resume,
             ^^^^^^^^^^^^^^^^^^^^^^^^^^^^^^^^^^^^^^^^^^^^^^^^^^^^^^^^^^^^^^^^^
  File "D:\ai-exam-monitoring-final\outputs\E003-code\src\ai_exam_monitoring\training\train.py", line 228, in run
    result = train_head(train, val, config, output, identity, resume=resume,
             ^^^^^^^^^^^^^^^^^^^^^^^^^^^^^^^^^^^^^^^^^^^^^^^^^^^^^^^^^^^^^^^
  File "D:\ai-exam-monitoring-final\outputs\E003-code\src\ai_exam_monitoring\training\train.py", line 111, in
train_head
    raise KeyboardInterrupt("Requested checkpoint interruption")
KeyboardInterrupt: Requested checkpoint interruption
